test_background_yandex_fields_do_not_create_rollback_conflict (test_stage8_15_6_1_cancel_yandex_backfill.RollbackBusinessStateTests.test_background_yandex_fields_do_not_create_rollback_conflict) ... ok
test_cancel_restores_business_data_and_keeps_worker_result (test_stage8_15_6_1_cancel_yandex_backfill.RollbackBusinessStateTests.test_cancel_restores_business_data_and_keeps_worker_result) ... ok
test_restore_preflight_accepts_only_background_worker_changes (test_stage8_15_6_1_cancel_yandex_backfill.RollbackBusinessStateTests.test_restore_preflight_accepts_only_background_worker_changes) ... ok
test_all_preflights_run_before_checklist_or_file_mutation (test_stage8_15_6_1_cancel_yandex_backfill.RollbackCoordinatorTests.test_all_preflights_run_before_checklist_or_file_mutation) ... ok
test_commit_is_blocked_after_interrupted_cancel (test_stage8_15_6_1_cancel_yandex_backfill.RollbackCoordinatorTests.test_commit_is_blocked_after_interrupted_cancel) ... ok
test_lost_cancel_reason_is_paused_until_user_confirms_again (test_stage8_15_6_1_cancel_yandex_backfill.RollbackCoordinatorTests.test_lost_cancel_reason_is_paused_until_user_confirms_again) ... ok
test_save_payload_is_rejected_before_it_overwrites_checklist (test_stage8_15_6_1_cancel_yandex_backfill.RollbackCoordinatorTests.test_save_payload_is_rejected_before_it_overwrites_checklist) ... ok
test_conflict_is_detected_before_any_created_file_is_deleted (test_stage8_15_6_1_cancel_yandex_backfill.RollbackFilePreflightTests.test_conflict_is_detected_before_any_created_file_is_deleted) ... ok
test_missing_created_file_is_idempotent_after_interrupted_cancel (test_stage8_15_6_1_cancel_yandex_backfill.RollbackFilePreflightTests.test_missing_created_file_is_idempotent_after_interrupted_cancel) ... ok
test_local_file_is_queued_when_exact_remote_path_is_absent (test_stage8_15_6_1_cancel_yandex_backfill.YandexBackfillTests.test_local_file_is_queued_when_exact_remote_path_is_absent) ... ok
test_synced_job_is_requeued_when_remote_file_is_missing (test_stage8_15_6_1_cancel_yandex_backfill.YandexBackfillTests.test_synced_job_is_requeued_when_remote_file_is_missing) ... ok
test_existing_remote_copy_stops_legacy_upload_job (test_stage8_15_6_2_yandex_reconciliation_replace.YandexReconciliationIntegrationTests.test_existing_remote_copy_stops_legacy_upload_job) ... ok
test_remote_content_conflict_never_creates_upload (test_stage8_15_6_2_yandex_reconciliation_replace.YandexReconciliationIntegrationTests.test_remote_content_conflict_never_creates_upload) ... ok
test_missing_local_link_adopts_matching_remote_file (test_stage8_15_6_2_yandex_reconciliation_replace.YandexRemoteFileDiscoveryTests.test_missing_local_link_adopts_matching_remote_file) ... ok
test_missing_remote_checksum_is_not_treated_as_a_match (test_stage8_15_6_2_yandex_reconciliation_replace.YandexRemoteFileDiscoveryTests.test_missing_remote_checksum_is_not_treated_as_a_match) ... ok
test_probe_error_blocks_recovery_upload (test_stage8_15_6_2_yandex_reconciliation_replace.YandexRemoteFileDiscoveryTests.test_probe_error_blocks_recovery_upload) ... ok
test_same_name_with_different_checksum_is_conflict (test_stage8_15_6_2_yandex_reconciliation_replace.YandexRemoteFileDiscoveryTests.test_same_name_with_different_checksum_is_conflict) ... ok
test_delete_404_is_idempotent_success (test_stage8_15_6_2_yandex_reconciliation_replace.YandexReplacementDeleteTests.test_delete_404_is_idempotent_success) ... ok
test_delete_job_never_removes_new_file_at_same_path (test_stage8_15_6_2_yandex_reconciliation_replace.YandexReplacementDeleteTests.test_delete_job_never_removes_new_file_at_same_path) ... ok
test_missing_old_copy_completes_delete_job_without_error (test_stage8_15_6_2_yandex_reconciliation_replace.YandexReplacementDeleteTests.test_missing_old_copy_completes_delete_job_without_error) ... ok
test_transient_failed_delete_is_recovered_after_restart (test_stage8_15_6_2_yandex_reconciliation_replace.YandexReplacementDeleteTests.test_transient_failed_delete_is_recovered_after_restart) ... ok
test_create_then_replace_can_commit_when_later_stash_consumed_file (test_stage8_15_6_recovery.EditSessionFileLineageTests.test_create_then_replace_can_commit_when_later_stash_consumed_file) ... ok
test_missing_created_file_without_matching_stash_still_fails (test_stage8_15_6_recovery.EditSessionFileLineageTests.test_missing_created_file_without_matching_stash_still_fails) ... ok
test_custom_prefix_is_preserved_or_allocated (test_stage8_15_6_recovery.YandexRecoveryHelperTests.test_custom_prefix_is_preserved_or_allocated) ... ok
test_resource_locked_error_is_bounded_and_retried (test_stage8_15_6_recovery.YandexRecoveryHelperTests.test_resource_locked_error_is_bounded_and_retried) ... ok
test_two_custom_folder_candidates_create_conflict_without_mutation (test_stage8_15_6_recovery.YandexRecoveryHelperTests.test_two_custom_folder_candidates_create_conflict_without_mutation) ... ok
test_current_and_archive_rows_render_download_buttons (test_stage8_15_7_1_folder_download.FolderDownloadUiTests.test_current_and_archive_rows_render_download_buttons) ... ok
test_download_controls_use_existing_attachment_routes (test_stage8_15_7_1_folder_download.FolderDownloadUiTests.test_download_controls_use_existing_attachment_routes) ... ok
test_download_icon_is_down_arrow_after_requested_swap (test_stage8_15_7_1_folder_download.FolderDownloadUiTests.test_download_icon_is_down_arrow_after_requested_swap) ... ok
test_signed_link_is_permanent_until_reissued (test_stage8_15_7_public_folder_dnd.PublicFolderLinkTests.test_signed_link_is_permanent_until_reissued) ... ok
test_tampered_token_is_rejected (test_stage8_15_7_public_folder_dnd.PublicFolderLinkTests.test_tampered_token_is_rejected) ... ok
test_duplicate_names_are_reserved_as_2_and_3 (test_stage8_15_7_public_folder_dnd.PublicFolderOperationTests.test_duplicate_names_are_reserved_as_2_and_3) ... ok
test_interrupted_receiving_upload_is_marked_error_and_cleaned (test_stage8_15_7_public_folder_dnd.PublicFolderOperationTests.test_interrupted_receiving_upload_is_marked_error_and_cleaned) ... ok
test_name_and_surname_are_both_required (test_stage8_15_7_public_folder_dnd.PublicFolderOperationTests.test_name_and_surname_are_both_required) ... ok
test_processing_public_operation_blocks_edit_snapshot (test_stage8_15_7_public_folder_dnd.PublicFolderOperationTests.test_processing_public_operation_blocks_edit_snapshot) ... ok
test_public_payload_hides_internal_apply_error (test_stage8_15_7_public_folder_dnd.PublicFolderOperationTests.test_public_payload_hides_internal_apply_error) ... ok
test_replacement_conflicts_after_employee_replaces_expected_version (test_stage8_15_7_public_folder_dnd.PublicFolderOperationTests.test_replacement_conflicts_after_employee_replaces_expected_version) ... ok
test_successful_replacement_keeps_archive_and_old_yandex_path (test_stage8_15_7_public_folder_dnd.PublicFolderOperationTests.test_successful_replacement_keeps_archive_and_old_yandex_path) ... ok
test_upload_waits_for_edit_session_then_records_external_uploader (test_stage8_15_7_public_folder_dnd.PublicFolderOperationTests.test_upload_waits_for_edit_session_then_records_external_uploader) ... ok
test_all_three_upload_surfaces_have_drag_and_drop (test_stage8_15_7_public_folder_dnd.PublicFolderStaticContractTests.test_all_three_upload_surfaces_have_drag_and_drop) ... ok
test_main_registers_route_and_durable_worker (test_stage8_15_7_public_folder_dnd.PublicFolderStaticContractTests.test_main_registers_route_and_durable_worker) ... ok
test_public_contract_has_no_delete_endpoint_or_control (test_stage8_15_7_public_folder_dnd.PublicFolderStaticContractTests.test_public_contract_has_no_delete_endpoint_or_control) ... ok
test_public_page_exposes_replace_and_archive (test_stage8_15_7_public_folder_dnd.PublicFolderStaticContractTests.test_public_page_exposes_replace_and_archive) ... ok
test_share_button_is_between_upload_and_folder_but_disabled (test_stage8_15_7_public_folder_dnd.PublicFolderStaticContractTests.test_share_button_is_between_upload_and_folder_but_disabled) ... ok
test_archive_table_displays_upload_metadata_not_replacement_metadata (test_stage8_15_8_archive_staged_upload.ArchiveMetadataHistoryTests.test_archive_table_displays_upload_metadata_not_replacement_metadata) ... ok
test_four_version_chain_keeps_each_original_uploader_and_time (test_stage8_15_8_archive_staged_upload.ArchiveMetadataHistoryTests.test_four_version_chain_keeps_each_original_uploader_and_time) ... ok
test_current_and_archive_download_controls_are_preserved (test_stage8_15_8_archive_staged_upload.Stage8158UiContractTests.test_current_and_archive_download_controls_are_preserved) ... ok
test_file_cards_grow_by_rows_and_remove_control_appears_on_hover (test_stage8_15_8_archive_staged_upload.Stage8158UiContractTests.test_file_cards_grow_by_rows_and_remove_control_appears_on_hover) ... ok
test_folder_zone_is_below_file_table_and_popup_zone_precedes_actions (test_stage8_15_8_archive_staged_upload.Stage8158UiContractTests.test_folder_zone_is_below_file_table_and_popup_zone_precedes_actions) ... ok
test_public_archive_also_prefers_original_upload_time (test_stage8_15_8_archive_staged_upload.Stage8158UiContractTests.test_public_archive_also_prefers_original_upload_time) ... ok
test_share_buttons_are_icon_only_and_permanently_disabled (test_stage8_15_8_archive_staged_upload.Stage8158UiContractTests.test_share_buttons_are_icon_only_and_permanently_disabled) ... ok
test_staging_waits_for_explicit_confirmation (test_stage8_15_8_archive_staged_upload.Stage8158UiContractTests.test_staging_waits_for_explicit_confirmation) ... ok
test_api_upload_route_retains_form_signature_after_lock_decorator (test_stage8_15_9_http.HttpRegressionTests.test_api_upload_route_retains_form_signature_after_lock_decorator) ... ok
test_download_is_an_attachment_with_original_unicode_name_and_bytes (test_stage8_15_9_http.HttpRegressionTests.test_download_is_an_attachment_with_original_unicode_name_and_bytes) ... ok
test_folder_renders_staging_download_and_current_icon_version (test_stage8_15_9_http.HttpRegressionTests.test_folder_renders_staging_download_and_current_icon_version) ... ok
test_popup_all_checklist_types_render_without_missing_placeholders (test_stage8_15_9_http.HttpRegressionTests.test_popup_all_checklist_types_render_without_missing_placeholders) ... ok
test_preview_remains_inline (test_stage8_15_9_http.HttpRegressionTests.test_preview_remains_inline) ... ok
test_wrong_project_cannot_resolve_document_id (test_stage8_15_9_http.HttpRegressionTests.test_wrong_project_cannot_resolve_document_id) ... ok
test_forged_actor_is_rejected (test_stage8_15_9_reminders.BitrixActorAuthTests.test_forged_actor_is_rejected) ... ok
test_missing_token_does_not_call_bitrix (test_stage8_15_9_reminders.BitrixActorAuthTests.test_missing_token_does_not_call_bitrix) ... ok
test_redirect_or_connection_error_never_authenticates (test_stage8_15_9_reminders.BitrixActorAuthTests.test_redirect_or_connection_error_never_authenticates) ... ok
test_verification_uses_configured_portal_and_disables_redirects (test_stage8_15_9_reminders.BitrixActorAuthTests.test_verification_uses_configured_portal_and_disables_redirects) ... ok
test_activation_after_time_does_not_send_retroactively (test_stage8_15_9_reminders.ReminderTests.test_activation_after_time_does_not_send_retroactively) ... ok
test_all_filled_or_not_required_sends_nothing (test_stage8_15_9_reminders.ReminderTests.test_all_filled_or_not_required_sends_nothing) ... ok
test_ambiguous_network_timeout_is_not_retried (test_stage8_15_9_reminders.ReminderTests.test_ambiguous_network_timeout_is_not_retried) ... ok
test_api_requires_real_active_session_owner (test_stage8_15_9_reminders.ReminderTests.test_api_requires_real_active_session_owner) ... ok
test_archive_only_does_not_fill_current_item (test_stage8_15_9_reminders.ReminderTests.test_archive_only_does_not_fill_current_item) ... ok
test_daily_respects_selected_timezone (test_stage8_15_9_reminders.ReminderTests.test_daily_respects_selected_timezone) ... ok
test_default_is_disabled_and_produces_no_messages (test_stage8_15_9_reminders.ReminderTests.test_default_is_disabled_and_produces_no_messages) ... ok
test_disabling_config_cancels_pending_messages_on_commit (test_stage8_15_9_reminders.ReminderTests.test_disabling_config_cancels_pending_messages_on_commit) ... ok
test_duplicate_recipients_are_deduplicated_by_id (test_stage8_15_9_reminders.ReminderTests.test_duplicate_recipients_are_deduplicated_by_id) ... ok
test_empty_item_message_includes_id_tu_other_but_not_not_required (test_stage8_15_9_reminders.ReminderTests.test_empty_item_message_includes_id_tu_other_but_not_not_required) ... ok
test_explicit_cancel_does_not_publish_draft (test_stage8_15_9_reminders.ReminderTests.test_explicit_cancel_does_not_publish_draft) ... ok
test_explicit_rate_limit_rejection_is_bounded_to_three_attempts (test_stage8_15_9_reminders.ReminderTests.test_explicit_rate_limit_rejection_is_bounded_to_three_attempts) ... ok
test_interrupted_sending_is_uncertain_after_restart (test_stage8_15_9_reminders.ReminderTests.test_interrupted_sending_is_uncertain_after_restart) ... ok
test_invalid_dates_times_and_weekdays_are_rejected (test_stage8_15_9_reminders.ReminderTests.test_invalid_dates_times_and_weekdays_are_rejected) ... ok
test_message_escapes_bbcode_in_project_and_item_names (test_stage8_15_9_reminders.ReminderTests.test_message_escapes_bbcode_in_project_and_item_names) ... ok
test_multiple_selected_weekdays (test_stage8_15_9_reminders.ReminderTests.test_multiple_selected_weekdays) ... ok
test_names_are_resolved_from_real_cached_ids (test_stage8_15_9_reminders.ReminderTests.test_names_are_resolved_from_real_cached_ids) ... ok
test_other_bitrix_rejection_is_visible_without_repeat (test_stage8_15_9_reminders.ReminderTests.test_other_bitrix_rejection_is_visible_without_repeat) ... ok
test_present_document_with_sync_error_is_not_empty (test_stage8_15_9_reminders.ReminderTests.test_present_document_with_sync_error_is_not_empty) ... ok
test_restart_coalesces_missed_time_without_historical_spam (test_stage8_15_9_reminders.ReminderTests.test_restart_coalesces_missed_time_without_historical_spam) ... ok
test_scheduler_waits_for_active_checklist_edits (test_stage8_15_9_reminders.ReminderTests.test_scheduler_waits_for_active_checklist_edits) ... ok
test_settings_stay_draft_until_real_session_commit (test_stage8_15_9_reminders.ReminderTests.test_settings_stay_draft_until_real_session_commit) ... ok
test_two_collectors_create_one_slot_and_two_recipients (test_stage8_15_9_reminders.ReminderTests.test_two_collectors_create_one_slot_and_two_recipients) ... ok
test_two_workers_deliver_once_per_recipient_in_personal_chat (test_stage8_15_9_reminders.ReminderTests.test_two_workers_deliver_once_per_recipient_in_personal_chat) ... ok
test_unknown_and_inactive_users_are_rejected (test_stage8_15_9_reminders.ReminderTests.test_unknown_and_inactive_users_are_rejected) ... ok
test_delete_never_removes_path_still_used_by_current_file (test_stage8_15_9_sync.DeleteReferenceProtectionTests.test_delete_never_removes_path_still_used_by_current_file) ... ok
test_concurrent_uploads_inside_one_item_keep_three_unique_names (test_stage8_15_9_sync.NamingAndConcurrentUploadTests.test_concurrent_uploads_inside_one_item_keep_three_unique_names) ... ok
test_concurrent_uploads_to_two_items_keep_both_files (test_stage8_15_9_sync.NamingAndConcurrentUploadTests.test_concurrent_uploads_to_two_items_keep_both_files) ... ok
test_duplicate_names_increment_inside_item (test_stage8_15_9_sync.NamingAndConcurrentUploadTests.test_duplicate_names_increment_inside_item) ... ok
test_windows_paths_cannot_become_yandex_subdirectories (test_stage8_15_9_sync.NamingAndConcurrentUploadTests.test_windows_paths_cannot_become_yandex_subdirectories) ... ok
test_ambiguous_current_item_mapping_stops (test_stage8_15_9_sync.ScopeTests.test_ambiguous_current_item_mapping_stops) ... ok
test_api_response_cannot_change_project_binding (test_stage8_15_9_sync.ScopeTests.test_api_response_cannot_change_project_binding) ... ok
test_copy_in_another_item_of_same_project_is_not_adopted (test_stage8_15_9_sync.ScopeTests.test_copy_in_another_item_of_same_project_is_not_adopted) ... ok
test_folder_move_cannot_cross_objects (test_stage8_15_9_sync.ScopeTests.test_folder_move_cannot_cross_objects) ... ok
test_foreign_delete_stops_before_remote_lookup_or_delete (test_stage8_15_9_sync.ScopeTests.test_foreign_delete_stops_before_remote_lookup_or_delete) ... ok
test_foreign_item_path_falls_back_to_current_object_mapping (test_stage8_15_9_sync.ScopeTests.test_foreign_item_path_falls_back_to_current_object_mapping) ... ok
test_low_level_guard_prevents_foreign_upload_and_delete (test_stage8_15_9_sync.ScopeTests.test_low_level_guard_prevents_foreign_upload_and_delete) ... ok
test_matching_file_in_current_project_ignores_identical_foreign_copy (test_stage8_15_9_sync.ScopeTests.test_matching_file_in_current_project_ignores_identical_foreign_copy) ... ok
test_missing_explicit_root_is_rejected_even_with_project_name (test_stage8_15_9_sync.ScopeTests.test_missing_explicit_root_is_rejected_even_with_project_name) ... ok
test_missing_hash_cannot_confirm_identity (test_stage8_15_9_sync.ScopeTests.test_missing_hash_cannot_confirm_identity) ... ok
test_network_error_does_not_mean_file_is_absent (test_stage8_15_9_sync.ScopeTests.test_network_error_does_not_mean_file_is_absent) ... ok
test_old_structure_job_and_recovery_candidate_do_not_expand_scope (test_stage8_15_9_sync.ScopeTests.test_old_structure_job_and_recovery_candidate_do_not_expand_scope) ... ok
test_only_foreign_copy_cannot_mark_current_project_synced (test_stage8_15_9_sync.ScopeTests.test_only_foreign_copy_cannot_mark_current_project_synced) ... ok
test_path_component_boundary_traversal_and_root_protected (test_stage8_15_9_sync.ScopeTests.test_path_component_boundary_traversal_and_root_protected) ... ok
test_same_size_different_content_stops_automatic_upload (test_stage8_15_9_sync.ScopeTests.test_same_size_different_content_stops_automatic_upload) ... ok
test_already_uploaded_bytes_are_verified_without_second_put (test_stage8_15_9_sync.UploadIdempotencyTests.test_already_uploaded_bytes_are_verified_without_second_put) ... ok
test_explicit_replacement_can_overwrite_owned_path (test_stage8_15_9_sync.UploadIdempotencyTests.test_explicit_replacement_can_overwrite_owned_path) ... ok
test_foreign_explicit_folder_blocks_upload (test_stage8_15_9_sync.UploadIdempotencyTests.test_foreign_explicit_folder_blocks_upload) ... ok
test_new_upload_requests_no_overwrite (test_stage8_15_9_sync.UploadIdempotencyTests.test_new_upload_requests_no_overwrite) ... ok
test_normal_upload_never_overwrites_different_remote_bytes (test_stage8_15_9_sync.UploadIdempotencyTests.test_normal_upload_never_overwrites_different_remote_bytes) ... ok

----------------------------------------------------------------------
Ran 112 tests in 19.346s

OK
