test_forged_actor_is_rejected (test_stage8_15_9_reminders.BitrixActorAuthTests.test_forged_actor_is_rejected) ... ok
test_missing_token_does_not_call_bitrix (test_stage8_15_9_reminders.BitrixActorAuthTests.test_missing_token_does_not_call_bitrix) ... ok
test_redirect_or_connection_error_never_authenticates (test_stage8_15_9_reminders.BitrixActorAuthTests.test_redirect_or_connection_error_never_authenticates) ... ok
test_verification_uses_configured_portal_and_disables_redirects (test_stage8_15_9_reminders.BitrixActorAuthTests.test_verification_uses_configured_portal_and_disables_redirects) ... ok
test_activation_after_time_does_not_send_retroactively (test_stage8_15_9_reminders.ReminderTests.test_activation_after_time_does_not_send_retroactively) ... ok
test_all_filled_or_not_required_sends_nothing (test_stage8_15_9_reminders.ReminderTests.test_all_filled_or_not_required_sends_nothing) ... ok
test_ambiguous_network_timeout_is_not_retried (test_stage8_15_9_reminders.ReminderTests.test_ambiguous_network_timeout_is_not_retried) ... ok
test_api_requires_real_active_session_owner (test_stage8_15_9_reminders.ReminderTests.test_api_requires_real_active_session_owner) ... ok
test_archive_only_does_not_fill_current_item (test_stage8_15_9_reminders.ReminderTests.test_archive_only_does_not_fill_current_item) ... ok
test_daily_respects_selected_timezone (test_stage8_15_9_reminders.ReminderTests.test_daily_respects_selected_timezone) ... ok
test_default_is_disabled_and_produces_no_messages (test_stage8_15_9_reminders.ReminderTests.test_default_is_disabled_and_produces_no_messages) ... ok
test_disabling_config_cancels_pending_messages_on_commit (test_stage8_15_9_reminders.ReminderTests.test_disabling_config_cancels_pending_messages_on_commit) ... ok
test_duplicate_recipients_are_deduplicated_by_id (test_stage8_15_9_reminders.ReminderTests.test_duplicate_recipients_are_deduplicated_by_id) ... ok
test_empty_item_message_includes_id_tu_other_but_not_not_required (test_stage8_15_9_reminders.ReminderTests.test_empty_item_message_includes_id_tu_other_but_not_not_required) ... ok
test_explicit_cancel_does_not_publish_draft (test_stage8_15_9_reminders.ReminderTests.test_explicit_cancel_does_not_publish_draft) ... ok
test_explicit_rate_limit_rejection_is_bounded_to_three_attempts (test_stage8_15_9_reminders.ReminderTests.test_explicit_rate_limit_rejection_is_bounded_to_three_attempts) ... ok
test_interrupted_sending_is_uncertain_after_restart (test_stage8_15_9_reminders.ReminderTests.test_interrupted_sending_is_uncertain_after_restart) ... ok
test_invalid_dates_times_and_weekdays_are_rejected (test_stage8_15_9_reminders.ReminderTests.test_invalid_dates_times_and_weekdays_are_rejected) ... ok
test_message_escapes_bbcode_in_project_and_item_names (test_stage8_15_9_reminders.ReminderTests.test_message_escapes_bbcode_in_project_and_item_names) ... ok
test_multiple_selected_weekdays (test_stage8_15_9_reminders.ReminderTests.test_multiple_selected_weekdays) ... ok
test_names_are_resolved_from_real_cached_ids (test_stage8_15_9_reminders.ReminderTests.test_names_are_resolved_from_real_cached_ids) ... ok
test_other_bitrix_rejection_is_visible_without_repeat (test_stage8_15_9_reminders.ReminderTests.test_other_bitrix_rejection_is_visible_without_repeat) ... ok
test_present_document_with_sync_error_is_not_empty (test_stage8_15_9_reminders.ReminderTests.test_present_document_with_sync_error_is_not_empty) ... ok
test_restart_coalesces_missed_time_without_historical_spam (test_stage8_15_9_reminders.ReminderTests.test_restart_coalesces_missed_time_without_historical_spam) ... ok
test_scheduler_waits_for_active_checklist_edits (test_stage8_15_9_reminders.ReminderTests.test_scheduler_waits_for_active_checklist_edits) ... ok
test_settings_stay_draft_until_real_session_commit (test_stage8_15_9_reminders.ReminderTests.test_settings_stay_draft_until_real_session_commit) ... ok
test_two_collectors_create_one_slot_and_two_recipients (test_stage8_15_9_reminders.ReminderTests.test_two_collectors_create_one_slot_and_two_recipients) ... ok
test_two_workers_deliver_once_per_recipient_in_personal_chat (test_stage8_15_9_reminders.ReminderTests.test_two_workers_deliver_once_per_recipient_in_personal_chat) ... ok
test_unknown_and_inactive_users_are_rejected (test_stage8_15_9_reminders.ReminderTests.test_unknown_and_inactive_users_are_rejected) ... ok

----------------------------------------------------------------------
Ran 29 tests in 5.813s

OK
